
> my-v0-project@0.1.0 build
> next build

node.exe :  ÔÜá Warning: Next.js 
inferred your workspace root, 
but it may not be correct.
At C:\Program 
Files\nodejs\npm.ps1:29 char:3
+   & $NODE_EXE $NPM_CLI_JS $args
+   ~~~~~~~~~~~~~~~~~~~~~~~~~~~~~
    + CategoryInfo          : No 
   tSpecified: ( ÔÜá Warning: N  
  ...not be correct.:String) [   
 ], RemoteException
    + FullyQualifiedErrorId : Na 
   tiveCommandError
 
 We detected multiple lockfiles 
and selected the directory of C:\
Users\priyanshu\package-lock.json
 as the root directory.
 To silence this warning, set 
`turbopack.root` in your Next.js 
config, or consider removing one 
of the lockfiles if it's not 
needed.
   See https://nextjs.org/docs/ap
p/api-reference/config/next-confi
g-js/turbopack#root-directory 
for more information.
 Detected additional lockfiles: 
   * C:\Users\priyanshu\Downloads
\Blog_application\pnpm-lock.yaml

   Ôû▓ Next.js 16.0.10 (Turbopack)
   - Environments: .env
   - Experiments (use with caution):
     ┬À optimizePackageImports

   Creating an optimized production build ...
 Ô£ô Compiled successfully in 7.5s
   Running TypeScript ...
Failed to compile.

./app/api/analytics/posts/[id]/ro
ute.ts:11:7
Type error: Argument of type 
'string' is not assignable to 
parameter of type 
'TemplateStringsArray'.

[0m [90m  9 |[39m     [90m// 
Get post views[39m
 [90m 10 |[39m     
[36mconst[39m viewsResult 
[33m=[39m [36mawait[39m sql(
[31m[1m>[22m[39m[90m 11 
|[39m       [32m`[39m
 [90m    |[39m       
[31m[1m^[22m[39m
 [90m 12 |[39m [32m      
SELECT [39m
 [90m 13 |[39m [32m        
COUNT(*) as total_views,[39m
 [90m 14 |[39m [32m        
COUNT(DISTINCT ip_hash) as 
unique_views,[39m[0m
Next.js build worker exited with 
code: 1 and signal: null
